I'm sorry, but errors were detected in your script. Please correct the
errors listed below, and try again.


File "game/script.rpy", line 87: Line is indented, but the preceding show statement statement does not expect a block. Please check this line's indentation. You may have forgotten a colon (:).
    xalign 0.3 yalign -1.2
    ^

File "game/script.rpy", line 89: Line is indented, but the preceding show statement statement does not expect a block. Please check this line's indentation. You may have forgotten a colon (:).
    xalign 0.5 yalign -1.2
    ^

File "game/script.rpy", line 91: Line is indented, but the preceding show statement statement does not expect a block. Please check this line's indentation. You may have forgotten a colon (:).
    xalign 0.8 yalign -1.2
    ^

Ren'Py Version: Ren'Py 8.1.3.23091805
Mon Nov 27 23:42:37 2023
